exports[`CourseListRow.test.js renders without crashing 1`] = `
<tr>
  <td>
    <a
      target="_blank">
      Java Clean Code
    </a>
  </td>
  <td />
  <td />
  <td />
  <td>
    <Link
      replace={false}
      to="/course/1">
      <i
        aria-hidden="true"
        className="fa fa-pencil" />
    </Link>
  </td>
  <td>
    <i
      aria-hidden="true"
      className="fa fa-trash-o"
      onClick={[Function]}
      style={
        Object {
          "cursor": "pointer",
        }
      }
      value={1} />
  </td>
</tr>
`;
