exports[`App.test.js renders without crashing 1`] = `
<div>
  <BrowserRouter
    history={
      Object {
        "action": "POP",
        "block": [Function],
        "createHref": [Function],
        "go": [Function],
        "goBack": [Function],
        "goForward": [Function],
        "length": 1,
        "listen": [Function],
        "location": Object {
          "hash": "",
          "key": undefined,
          "pathname": "/",
          "search": "",
          "state": undefined,
        },
        "push": [Function],
        "replace": [Function],
      }
    }>
    <div>
      <Connect(HeaderNavContainer) />
      <Switch>
        <Route
          component={[Function]}
          exact={true}
          path="/" />
        <Route
          component={[Function]}
          path="/courses" />
        <Route
          component={[Function]}
          exact={true}
          path="/course" />
        <Route
          component={[Function]}
          path="/course/:id" />
        <Route
          component={[Function]}
          path="/about" />
        <Route
          component={[Function]} />
      </Switch>
    </div>
  </BrowserRouter>
</div>
`;
